"blank"					"=========================="
"blank"					"#KEY_BINDINGS_HEADER_ACTIONS"
"blank"					"=========================="
"+attack"				"#FIRE"
"+zoom"					"#AIM_MODIFIER"
"+toggle_zoom"			"#TOGGLE_AIM_MODIFIER"
"+reload"				"#RELOAD"
"+weaponCycle"			"^A8DFF700Switch Weapons ^CCCCCCFF/ ^dda6f400Swap Titan Loadouts"
"weaponSelectPrimary0"	"^A8DFF700Switch to Primary Weapon ^CCCCCCFF/ ^dda6f400Switch to 1st Titan Loadout"
"weaponSelectPrimary1"	"^A8DFF700Switch to Secondary Weapon ^CCCCCCFF/ ^dda6f400Switch to 2nd Titan Loadout"
"weaponSelectPrimary2"	"#SWITCH_TO_WEAPON3"
"+melee"				"#MELEE"
"+offhand0"				"#ORDNANCE_GRENADE"
"+offhand1"				"#TACTICAL_ABILITY"
"+offhand2"				"^F4D5A600Titan Utility ^CCCCCCFF/ ^dda6f400Pilot Dash"
"+use"					"#USE_DISEMBARK"
"+scriptCommand1"		"#DISABLE_EJECT_SAFETY_TITAN"
"+ability 1"			"#SWITCH_TITAN_AI_MODE_PILOT"
"+ability 6"			"^A8DFF700Activate Boost (MP)"
"titan_loadout_select"	"^dda6f400Inventory"
"blank"					"=========================="
"blank"					"#KEY_BINDINGS_HEADER_MOVEMENT"
"blank"					"=========================="
"+forward"				"#MOVE_FORWARD"
"+back"					"#MOVE_BACK"
"+moveleft"				"#MOVE_LEFT"
"+moveright"			"#MOVE_RIGHT"
"+speed"				"#SPRINT"
"+ability 3"			"#JUMP_PILOT_DASH_TITAN"
"+duck"					"#CROUCH"
"+toggle_duck"			"#TOGGLE_CROUCH"
"blank"					"=========================="
"blank"					"#KEY_BINDINGS_HEADER_COMMUNICATION"
"blank"					"=========================="
"+pushtotalk"			"#PUSH_TO_TALK_KEY"
"say"					"#CHAT_MESSAGE"
"say_team"				"#TEAM_CHAT_MESSAGE"
"blank"					"=========================="
"blank"					"#KEY_BINDINGS_HEADER_SCOREBOARD"
"blank"					"=========================="
"+showscores"			"#TOGGLE_SCOREBOARD"
"scoreboard_toggle_focus" "#SCOREBOARD_FOCUS"
"scoreboard_up"			"#SCOREBOARD_SCROLL_UP"
"scoreboard_down"		"#SCOREBOARD_SCROLL_DOWN"
"scoreboard_profile"	"#SCOREBOARD_VIEW_PROFILE"
"scoreboard_mute"		"#SCOREBOARD_MUTE"
"blank"					"=========================="
"blank"					"#KEY_BINDINGS_HEADER_MISCELLANEOUS"
"blank"					"=========================="
"jpeg"					"#SCREENSHOT"
